=== AliExpress Image Search API Test ===
APP_KEY: 516642
ACCESS_TOKEN: 50000300722dx0Lcr8LE...
Image URL: https://picsum.photos/400/400

Fetching image...
Image fetched: 400 Size: 13218 bytes

System Params: {
  app_key: '516642',
  method: 'aliexpress.ds.image.search',
  sign_method: 'md5',
  timestamp: '2025-12-18 06:29:09',
  format: 'json',
  v: '2.0',
  access_token: '50000300722dx0Lcr8LEpYpSa84Ftiivc01e32223brGcgBQ5kUyDgGJm1Ba48Tgd3Yh'
}
Business Params: { shpt_to: 'US', target_currency: 'USD', target_language: 'EN' }
Signature: A32D53F27B5C76D55520B6317EAE6E41

Making API request...
URL: https://api-sg.aliexpress.com/sync
Content-Type: multipart/form-data; boundary=----FormBoundary1765999749722
Body size: 14522 bytes

Response status: 200 OK

=== API Response ===
{
  "aliexpress_ds_image_search_response": {
    "data": {
      "total_record_count": 40,
      "products": {
        "traffic_image_product_d_t_o": [
          {
            "original_price": "212.06",
            "product_small_image_urls": {
              "string": [
                "https://ae-pic-a1.aliexpress-media.com/kf/Sdc8274c2d4c54dc386ee967926fadc5fH.jpg",
                "https://ae-pic-a1.aliexpress-media.com/kf/Sd2c0133f1c8248269e18822b76643aef5.jpg",
                "https://ae-pic-a1.aliexpress-media.com/kf/Sf2c4f3881e774434b669b4bf5d789009v.jpg",
                "https://ae-pic-a1.aliexpress-media.com/kf/Sf26d2f132f3b40618f9a57fb37a084c3m.png",
                "https://ae-pic-a1.aliexpress-media.com/kf/S9a5216a5bb4b44ca8f53e6a12b5692e8b.jpg",
                "https://ae-pic-a1.aliexpress-media.com/kf/Sc0bacdd199d44e86a11e746b8445b9b0F.jpg"
              ]
            },
            "second_level_category_name": "Office Electronics",
            "product_detail_url": "https://www.aliexpress.com/item/3256809075529291.html?pdp_npi=4%40dis%21USD%2130.30%217.85%21%21%21212.06%2154.93%21%402140e70617659999460814002e8ae5%2112000048720650506%21affd%21%21%21",
            "target_sale_price": "7.85",
            "second_level_category_id": "200003782",
            "discount": "74%",
            "product_main_image_url": "https://ae-pic-a1.aliexpress-media.com/kf/Sdc8274c2d4c54dc386ee967926fadc5fH.jpg",
            "first_level_category_id": "7",
            "target_sale_price_currency": "USD",
            "original_price_currency": "CNY",
            "shop_url": "https://www.aliexpress.com/store/1104903020",
            "target_original_price_currency": "USD",
            "product_id": "3256809075529291",
            "seller_id": 6002738554,
            "target_original_price": "30.30",
            "product_video_url": "",
            "first_level_category_name": "Computer & Office",
            "evaluate_rate": "96.2%",
            "sale_price": "54.93",
            "product_title": "10/20/40/60pcs Zink Sticker Papers 2x3 inches for HPRT MT53 Z1 Photo Color Printer Machine Adhecive Photo Paper",
            "shop_id": 1104903020,
            "sale_price_currency": "CNY",
            "lastest_volume": "148"
          },
          {
            "original_price": "18.67",
            "product_small_image_urls": {
              "string": [
                "https://ae-pic-a1.aliexpress-media.com/kf/Sc1971d2ae52a4b31869543e1b8063a610.jpg",
                "https://ae-pic-a1.aliexpress-media.com/kf/Sf686600b49c04013b68a264a9e31a656g.jpg",
                "https://ae-pic-a1.aliexpress-media.com/kf/S801b52f979334d368852c33a3c97e7bcI.jpg",
                "https://ae-pic-a1.aliexpress-media.com/kf/S3139d44411664b7baa777a22ba7289f64.jpg",
                "https://ae-pic-a1.aliexpress-media.com/kf/S6e57b1c40a4d446ba934095c6a9b47fc8.jpg",
                "https://ae-pic-a1.aliexpress-media.com/kf/S6329542a8e5c412ba460e1fcde7da6e6D.jpg"
              ]
            },
            "second_level_category_name": "Arts,Crafts & Sewing",
            "product_detail_url": "https://www.aliexpress.com/item/3256808845861593.html?pdp_npi=4%40dis%21USD%2118.67%219.90%21%21%2118.67%219.90%21%402140e70617659999460814002e8ae5%2112000047651192490%21affd%21%21%21",
            "target_sale_price": "9.90",
            "second_level_category_id": "200003937",
            "discount": "47%",
            "product_main_image_url": "https://ae-pic-a1.aliexpress-media.com/kf/Sc1971d2ae52a4b31869543e1b8063a610.jpg",
            "first_level_category_id": "15",
            "target_sale_price_currency": "USD",
            "original_price_currency": "USD",
            "shop_url": "https://www.aliexpress.com/store/1101286939",
            "target_original_price_currency": "USD",
            "product_id": "3256808845861593",
            "seller_id": 231895072,
            "target_original_price": "18.67",
            "product_video_url": "https://video.aliexpress-media.com/play/u/ae_sg_item/3639254274/p/1/e/6/t/10301/50128944187.mp4",
            "first_level_category_name": "Home & Garden",
            "evaluate_rate": "88.6%",
            "sale_price": "9.90",
            "product_title": "HOMFUN 120 Colors Diamond Painting AB Fairy Dust Resin 5D Diamond Painting Diamond Embroidery \"Balloon\" Home Decor Gift",
            "shop_id": 1101286939,
            "sale_price_currency": "USD",
            "lastest_volume": "24"
          },
          {
            "original_price": "4.30",
            "product_small_image_urls": {
              "string": [
                "https://ae-pic-a1.aliexpress-media.com/kf/S9707ac2632fe4e75b3245d34834ad70aM.jpg",
                "https://ae-pic-a1.aliexpress-media.com/kf/S92bb15d169844675aa4e6ffca45e7f18p.jpg",
                "https://ae-pic-a1.aliexpress-media.com/kf/S61b5d147256d4bfeafe1c4613cfe1e8ao.jpg",
                "https://ae-pic-a1.aliexpress-media.com/kf/S4cb0d3ba536345c4aa69f976c6725881P.jpg",
                "https://ae-pic-a1.aliexpress-media.com/kf/HTB1UtHZTgHqK1RjSZJnq6zNLpXa7.jpg",
                "https://ae-pic-a1.aliexpress-media.com/kf/HTB1Mk_OThTpK1RjSZR0q6zEwXXaj.jpg"
              ]
            },
            "second_level_category_name": "Arts,Crafts & Sewing",
            "product_detail_url": "https://www.aliexpress.com/item/3256807841370418.html?pdp_npi=4%40dis%21USD%214.30%210.99%21%21%214.30%210.99%21%402140e70617659999460814002e8ae5%2112000043311277132%21affd%21%21%21",
            "target_sale_price": "0.99",
            "second_level_category_id": "200003937",
            "discount": "76%",
            "product_main_image_url": "https://ae-pic-a1.aliexpress-media.com/kf/S9707ac2632fe4e75b3245d34834ad70aM.jpg",
            "first_level_category_id": "15",
            "target_sale_price_currency": "USD",
            "original_price_currency": "USD",
            "shop_url": "https://www.aliexpress.com/store/1101260553",
            "target_original_price_currency": "USD",
            "product_id": "3256807841370418",
            "seller_id": 230934582,
            "target_original_price": "4.30",
            "product_video_url": "",
            "first_level_category_name": "Home & Garden",
            "evaluate_rate": "93.7%",
            "sale_price": "0.99",
            "product_title": "HOMFUN Resin + Fairy Dust + AB Drill Photo Custom Full Drill 5D DIY Diamond Painting Private Cross Stitch 3D 5D Embroidery Decor",
            "shop_id": 1101260553,
            "sale_price_currency": "USD",
            "lastest_volume": "836"
          },
          {
            "original_price": "55.30",
            "product_small_image_urls": {
              "string": [
                "https://ae-pic-a1.aliexpress-media.com/kf/S6836c3a0299f4b7bb89abca35ffc5e8fO.jpg",
                "https://ae-pic-a1.aliexpress-media.com/kf/Sdc62541f825c46a8bc4d311578871b00Q.jpg",
                "https://ae-pic-a1.aliexpress-media.com/kf/Ha44d152626804104a5d7394f4fa97f6cO.jpg"
              ]
            },
            "second_level_category_name": "Laptop Parts & Accessories",
            "product_detail_url": "https://www.aliexpress.com/item/3256808479856902.html?pdp_npi=4%40dis%21USD%2155.30%2155.30%21%21%2155.30%2155.30%21%402140e70617659999460814002e8ae5%2112000046156071510%21affd%21%21%21",
            "target_sale_price": "55.30",
            "second_level_category_id": "200001083",
            "discount": "0%",
            "product_main_image_url": "https://ae-pic-a1.aliexpress-media.com/kf/S6836c3a0299f4b7bb89abca35ffc5e8fO.jpg",
            "first_level_category_id": "7",
            "target_sale_price_currency": "USD",
            "original_price_currency": "USD",
            "shop_url": "https://www.aliexpress.com/store/1101819439",
            "target_original_price_currency": "USD",
            "product_id": "3256808479856902",
            "seller_id": 252680108,
            "target_original_price": "55.30",
            "product_video_url": "",
            "first_level_category_name": "Computer & Office",
            "sale_price": "55.30",
            "product_title": "14\" Slim LED matrix LP140WFA-SPD1 laptop lcd screen panel FHD IPS 1920*1080p 30 PINS EDP",
            "shop_id": 1101819439,
            "sale_price_currency": "USD",
            "lastest_volume": "0"
          },
          {
            "original_price": "262.45",
            "product_small_image_urls": {
              "string": [
                "https://ae-pic-a1.aliexpress-media.com/kf/S43e5466b107d4ea1b792b039f7b4f81dp.jpg",
                "https://ae-pic-a1.aliexpress-media.com/kf/Sde97947d36c94b4baf7b10f20584be04w.jpg",
                "https://ae-pic-a1.aliexpress-media.com/kf/S8be887c74f554190ad511d40cac924a8s.jpg",
                "https://ae-pic-a1.aliexpress-media.com/kf/S36ce5cd996cb4eeda007fae383191f9cY.jpg",
                "https://ae-pic-a1.aliexpress-media.com/kf/S312d4a7d4da445ae90ae9f6cc3932889z.jpg",
                "https://ae-pic-a1.aliexpress-media.com/kf/Sf38d4f2ea3b24bd6a9363c28bdd3c123K.jpg"
              ]
            },
            "second_level_category_name": "Office Electronics",
            "product_detail_url": "https://www.aliexpress.com/item/3256808483787530.html?pdp_npi=4%40dis%21USD%2137.50%218.37%21%21%21262.45%2158.62%21%402140e70617659999460814002e8ae5%2112000046253493759%21affd%21%21%21",
            "target_sale_price": "8.37",
            "second_level_category_id": "200003782",
            "discount": "77%",
            "product_main_image_url": "https://ae-pic-a1.aliexpress-media.com/kf/S43e5466b107d4ea1b792b039f7b4f81dp.jpg",
            "first_level_category_id": "7",
            "target_sale_price_currency": "USD",
            "original_price_currency": "CNY",
            "shop_url": "https://www.aliexpress.com/store/1102861845",
            "target_original_price_currency": "USD",
            "product_id": "3256808483787530",
            "seller_id": 2677107519,
            "target_original_price": "37.50",
            "product_video_url": "",
            "first_level_category_name": "Computer & Office",
            "evaluate_rate": "88.8%",
            "sale_price": "58.62",
            "product_title": "HPRT Portable Photo Printer Pocket  2x3 inch Size Wireless Zink Technology Print 2x3 Sticky-Backed Photos Maker with Papers Case",
            "shop_id": 1102861845,
            "sale_price_currency": "CNY",
            "lastest_volume": "364"
          },
          {
            "original_price": "141.30",
            "product_small_image_urls": {
              "string": [
                "https://ae-pic-a1.aliexpress-media.com/kf/S15a99bdb5b844949a2a97f5654a8e87bT.jpg",
                "https://ae-pic-a1.aliexpress-media.com/kf/S1fa7cb85bdd747c9bfae86e15078b537e.jpg",
                "https://ae-pic-a1.aliexpress-media.com/kf/S2e2110061ff844a79e900dbc3ee69c49p.jpg",
                "https://ae-pic-a1.aliexpress-media.com/kf/S774f14452cc841ceb1dd306b0296bf309.jpg",
                "https://ae-pic-a1.aliexpress-media.com/kf/S49e11847859b45d8aae3fe730b84364b4.jpg",
                "https://ae-pic-a1.aliexpress-media.com/kf/S483816067a4b4edab101cc648b3cf508u.jpg"
              ]
            },
            "second_level_category_name": "Office Electronics",
            "product_detail_url": "https://www.aliexpress.com/item/3256806851642099.html?pdp_npi=4%40dis%21USD%2120.19%219.69%21%21%21141.30%2167.82%21%402140e70617659999460814002e8ae5%2112000039179775042%21affd%21%21%21",
            "target_sale_price": "9.69",
            "second_level_category_id": "200003782",
            "discount": "52%",
            "product_main_image_url": "https://ae-pic-a1.aliexpress-media.com/kf/S15a99bdb5b844949a2a97f5654a8e87bT.jpg",
            "first_level_category_id": "7",
            "target_sale_price_currency": "USD",
            "original_price_currency": "CNY",
            "shop_url": "https://www.aliexpress.com/store/1103576287",
            "target_original_price_currency": "USD",
            "product_id": "3256806851642099",
            "seller_id": 2678280160,
            "target_original_price": "20.19",
            "product_video_url": "",
            "first_level_category_name": "Computer & Office",
            "evaluate_rate": "98.0%",
            "sale_price": "67.82",
            "product_title": "Color Photo Paper 2x3 Inch Sticky-Backed Zink Photo Paper For HPRT MT53 Pocket Photo Printer",
            "shop_id": 1103576287,
            "sale_price_currency": "CNY",
            "lastest_volume": "1570"
          },
          {
            "original_price": "141.25",
            "product_small_image_urls": {
              "string": [
                "https://ae-pic-a1.aliexpress-media.com/kf/S1ee09427c28d43e488799b97f0b791e6m.jpg",
                "https://ae-pic-a1.aliexpress-media.com/kf/S27a002bce4bf49e8a9ae0d3696feb397U.jpg",
                "https://ae-pic-a1.aliexpress-media.com/kf/S25b141d85c194176a2bbd0dbc38556aaD.jpg",
                "https://ae-pic-a1.aliexpress-media.com/kf/Sb58d76e883dd4e95944c0ef2bd61158cV.jpg",
                "https://ae-pic-a1.aliexpress-media.com/kf/S56df1ab2f6e44444a9ff80eb8f7ac4cdo.jpg",
                "https://ae-pic-a1.aliexpress-media.com/kf/S4f5cbbf78d75433ea0c88f6a77130802C.jpg"
              ]
            },
            "second_level_category_name": "Office Electronics",
            "product_detail_url": "https://www.aliexpress.com/item/3256808465821304.html?pdp_npi=4%40dis%21USD%21141.25%21113.06%21%21%21141.25%21113.06%21%402140e70617659999460814002e8ae5%2112000047835789428%21affd%21%21%21",
            "target_sale_price": "113.06",
            "second_level_category_id": "200003782",
            "discount": "19%",
            "product_main_image_url": "https://ae-pic-a1.aliexpress-media.com/kf/S1ee09427c28d43e488799b97f0b791e6m.jpg",
            "first_level_category_id": "7",
            "target_sale_price_currency": "USD",
            "original_price_currency": "USD",
            "shop_url": "https://www.aliexpress.com/store/1101326270",
            "target_original_price_currency": "USD",
            "product_id": "3256808465821304",
            "seller_id": 238170569,
            "target_original_price": "141.25",
            "product_video_url": "",
            "first_level_category_name": "Computer & Office",
            "evaluate_rate": "98.9%",
            "sale_price": "113.06",
            "product_title": "Wireless Printing 300DPI HPRT Color Photo Printer CP4100 Desktop Household Thermal Sublimation or 4X6 inch Photo Paper Ribbon",
            "shop_id": 1101326270,
            "sale_price_currency": "USD",
            "lastest_volume": "59"
          },
          {
            "original_price": "164.80",
            "product_small_image_urls": {
              "string": [
                "https://ae-pic-a1.aliexpress-media.com/kf/Sf4a58d4cb081455db51eb255a5d76f3b5.jpg",
                "https://ae-pic-a1.aliexpress-media.com/kf/S87694c2154c145dabc52aa38eca2e582H.jpg",
                "https://ae-pic-a1.aliexpress-media.com/kf/S88d64285873849a39c1410c69826c9c8H.jpg",
                "https://ae-pic-a1.aliexpress-media.com/kf/S27d411a9011c412597dc0dc596d485f63.jpg",
                "https://ae-pic-a1.aliexpress-media.com/kf/S53e61381b7d9479d9f1bf86149b343fbe.jpg",
                "https://ae-pic-a1.aliexpress-media.com/kf/Sb6fc1a85725a489eab26c174489622a42.jpg"
              ]
            },
            "second_level_category_name": "Hats & Caps",
            "product_detail_url": "https://www.aliexpress.com/item/3256809711787445.html?pdp_npi=4%40dis%21USD%2123.55%219.42%21%21%21164.80%2165.92%21%402140e70617659999460814002e8ae5%2112000050514191357%21affd%21%21%21",
            "target_sale_price": "9.42",
            "second_level_category_id": "200000402",
            "discount": "60%",
            "product_main_image_url": "https://ae-pic-a1.aliexpress-media.com/kf/Sf4a58d4cb081455db51eb255a5d76f3b5.jpg",
            "first_level_category_id": "200000297",
            "target_sale_price_currency": "USD",
            "original_price_currency": "CNY",
            "shop_url": "https://www.aliexpress.com/store/1105088157",
            "target_original_price_currency": "USD",
            "product_id": "3256809711787445",
            "seller_id": 6003278423,
            "target_original_price": "23.55",
            "product_video_url": "",
            "first_level_category_name": "Apparel Accessories",
            "sale_price": "65.92",
            "product_title": "Giyuu Tomioka Pattern Demon Slayer Adult Beanies Caps Knitting Bonnet Hat Warm Hip Hop Autumn Winter Outdoor Skullies Hats",
            "shop_id": 1105088157,
            "sale_price_currency": "CNY",
            "lastest_volume": "2"
          },
          {
            "original_price": "206.12",
            "product_small_image_urls": {
              "string": [
                "https://ae-pic-a1.aliexpress-media.com/kf/S8854d700c458453d94d490636734abf0B.jpg",
                "https://ae-pic-a1.aliexpress-media.com/kf/S61197ab68a8f43deb451d1e1b7ec50acM.jpg",
                "https://ae-pic-a1.aliexpress-media.com/kf/S54e67e8b8b254640a8fefb35b5fda00eQ.jpg",
                "https://ae-pic-a1.aliexpress-media.com/kf/S88314b02ec224178bddc374259da1a9bw.jpg",
                "https://ae-pic-a1.aliexpress-media.com/kf/S99246ee953da42bdaf8dc2a43f2cfa8cm.jpg",
                "https://ae-pic-a1.aliexpress-media.com/kf/S82b7047700d94a1c91451aa409cb49c3Z.jpg"
              ]
            },
            "second_level_category_name": "Office Electronics",
            "product_detail_url": "https://www.aliexpress.com/item/3256806487194959.html?pdp_npi=4%40dis%21USD%2129.45%215.39%21%21%21206.12%2137.73%21%402140e70617659999460814002e8ae5%2112000037981305951%21affd%21%21%21",
            "target_sale_price": "5.39",
            "second_level_category_id": "200003782",
            "discount": "81%",
            "product_main_image_url": "https://ae-pic-a1.aliexpress-media.com/kf/S8854d700c458453d94d490636734abf0B.jpg",
            "first_level_category_id": "7",
            "target_sale_price_currency": "USD",
            "original_price_currency": "CNY",
            "shop_url": "https://www.aliexpress.com/store/1103541133",
            "target_original_price_currency": "USD",
            "product_id": "3256806487194959",
            "seller_id": 2678641437,
            "target_original_price": "29.45",
            "product_video_url": "",
            "first_level_category_name": "Computer & Office",
            "evaluate_rate": "93.3%",
            "sale_price": "37.73",
            "product_title": "10pcs/20pcs MT53 / Z1 Photo Sublimation Paper Zink Original Photo Paper, 2x3-inch Photo Paper, High Adhesive Backing Adhesive",
            "shop_id": 1103541133,
            "sale_price_currency": "CNY",
            "lastest_volume": "48"
          },
          {
            "original_price": "53.42",
            "product_small_image_urls": {
              "string": [
                "https://ae-pic-a1.aliexpress-media.com/kf/Sfdcf13c5c470439ba6a5bac8717b1e1fX.jpg",
                "https://ae-pic-a1.aliexpress-media.com/kf/Sd4563290ce5a4f2184f00007c7dbd671s.jpg",
                "https://ae-pic-a1.aliexpress-media.com/kf/S41dc87b0d8be49aa90176f8b8ef80cfbZ.jpg",
                "https://ae-pic-a1.aliexpress-media.com/kf/S1fc8ff4f7ab44790b5bf339e78ddfeabz.jpg",
                "https://ae-pic-a1.aliexpress-media.com/kf/S6dc4123e86d44287bad3d7b44f7c9371t.jpg",
                "https://ae-pic-a1.aliexpress-media.com/kf/S3270c6f3106d4c88a8b8cf99b6bd0e6eb.jpg"
              ]
            },
            "second_level_category_name": "Hats & Caps",
            "product_detail_url": "https://www.aliexpress.com/item/3256809798123221.html?pdp_npi=4%40dis%21USD%217.63%210.99%21%21%2153.42%216.94%21%402140e70617659999460814002e8ae5%2112000050760976482%21affd%21%21%21",
            "target_sale_price": "0.99",
            "second_level_category_id": "200000402",
            "discount": "87%",
            "product_main_image_url": "https://ae-pic-a1.aliexpress-media.com/kf/Sfdcf13c5c470439ba6a5bac8717b1e1fX.jpg",
            "first_level_category_id": "200000297",
            "target_sale_price_currency": "USD",
            "original_price_currency": "CNY",
            "shop_url": "https://www.aliexpress.com/store/1104065125",
            "target_original_price_currency": "USD",
            "product_id": "3256809798123221",
            "seller_id": 6000537620,
            "target_original_price": "7.63",
            "product_video_url": "",
            "first_level_category_name": "Apparel Accessories",
            "evaluate_rate": "97.1%",
            "sale_price": "6.94",
            "product_title": "Angry expression embroidered knitted hat, warm woolen hat for men's and women's outdoor sports events in autumn and winter",
            "shop_id": 1104065125,
            "sale_price_currency": "CNY",
            "lastest_volume": "2724"
          },
          {
            "original_price": "2287.94",
            "product_small_image_urls": {
              "string": [
                "https://ae-pic-a1.aliexpress-media.com/kf/S8d63ea5ff4f24d8fba4fae52c795ed0a8.jpg",
                "https://ae-pic-a1.aliexpress-media.com/kf/Sa9d827a730e5424797adf9c95782bea8T.jpg",
                "https://ae-pic-a1.aliexpress-media.com/kf/S72a146e6dbd6421b9c02c45323e32345M.jpg",
                "https://ae-pic-a1.aliexpress-media.com/kf/S1577e495695c4e198c0855e0b9452d507.jpg",
                "https://ae-pic-a1.aliexpress-media.com/kf/Sc50d2e1762704e8da2677a18603cc0c3q.jpg",
                "https://ae-pic-a1.aliexpress-media.com/kf/S97c7bdf3e1c34a3c9da0fbe0ee3e1ffaC.jpg"
              ]
            },
            "second_level_category_name": "Office Electronics",
            "product_detail_url": "https://www.aliexpress.com/item/3256809337834981.html?pdp_npi=4%40dis%21USD%21326.95%21153.21%21%21%212287.94%211072.11%21%402140e70617659999460814002e8ae5%2112000049362131710%21affd%21%21%21",
            "target_sale_price": "153.21",
            "second_level_category_id": "200003782",
            "discount": "53%",
            "product_main_image_url": "https://ae-pic-a1.aliexpress-media.com/kf/S8d63ea5ff4f24d8fba4fae52c795ed0a8.jpg",
            "first_level_category_id": "7",
            "target_sale_price_currency": "USD",
            "original_price_currency": "CNY",
            "shop_url": "https://www.aliexpress.com/store/1103847397",
            "target_original_price_currency": "USD",
            "product_id": "3256809337834981",
            "seller_id": 6000031445,
            "target_original_price": "326.95",
            "product_video_url": "",
            "first_level_category_name": "Computer & Office",
            "evaluate_rate": "93.3%",
            "sale_price": "1072.11",
            "product_title": "300dpi Color Photo Printer Wifi 4x6 Inch Sublimation Transfer Bluetooth Wireless Print Maker with Ribbon and Color Photo Papers",
            "shop_id": 1103847397,
            "sale_price_currency": "CNY",
            "lastest_volume": "28"
          },
          {
            "original_price": "77.31",
            "product_small_image_urls": {
              "string": [
                "https://ae-pic-a1.aliexpress-media.com/kf/S6bf8c9a595c14b42bf101e77a61f2749C.jpg",
                "https://ae-pic-a1.aliexpress-media.com/kf/Sa3775819b0e844a59cc4fe246a593552k.jpg",
                "https://ae-pic-a1.aliexpress-media.com/kf/S6071f60627304e8cbd58c067e79eaf5eN.jpg",
                "https://ae-pic-a1.aliexpress-media.com/kf/S661414edd78840eeb55ff3944b573328b.jpg",
                "https://ae-pic-a1.aliexpress-media.com/kf/Sa7f4cae0fcf84400aed86d73c71c78402.jpg"
              ]
            },
            "second_level_category_name": "Hats & Caps",
            "product_detail_url": "https://www.aliexpress.com/item/3256809443494259.html?pdp_npi=4%40dis%21USD%2111.05%217.74%21%21%2177.31%2154.12%21%402140e70617659999460814002e8ae5%2112000049683286757%21affd%21%21%21",
            "target_sale_price": "7.74",
            "second_level_category_id": "200000402",
            "discount": "30%",
            "product_main_image_url": "https://ae-pic-a1.aliexpress-media.com/kf/S6bf8c9a595c14b42bf101e77a61f2749C.jpg",
            "first_level_category_id": "200000297",
            "target_sale_price_currency": "USD",
            "original_price_currency": "CNY",
            "shop_url": "https://www.aliexpress.com/store/1103554378",
            "target_original_price_currency": "USD",
            "product_id": "3256809443494259",
            "seller_id": 2679338106,
            "target_original_price": "11.05",
            "product_video_url": "",
            "first_level_category_name": "Apparel Accessories",
            "sale_price": "54.12",
            "product_title": "Kimetsu No Yaiba Bucket Hat Teen Foldable Outdoor Anime Fisherman Caps Summer Beach Hatwear Bob Hat",
            "shop_id": 1103554378,
            "sale_price_currency": "CNY",
            "lastest_volume": "8"
          },
          {
            "original_price": "22.47",
            "product_small_image_urls": {
              "string": [
                "https://ae-pic-a1.aliexpress-media.com/kf/Sd25e0f489ded4b989aa5ac4307fa7fb37.jpg",
                "https://ae-pic-a1.aliexpress-media.com/kf/Sf686600b49c04013b68a264a9e31a656g.jpg",
                "https://ae-pic-a1.aliexpress-media.com/kf/S801b52f979334d368852c33a3c97e7bcI.jpg",
                "https://ae-pic-a1.aliexpress-media.com/kf/S3139d44411664b7baa777a22ba7289f64.jpg",
                "https://ae-pic-a1.aliexpress-media.com/kf/S6e57b1c40a4d446ba934095c6a9b47fc8.jpg",
                "https://ae-pic-a1.aliexpress-media.com/kf/S6329542a8e5c412ba460e1fcde7da6e6D.jpg"
              ]
            },
            "second_level_category_name": "Arts,Crafts & Sewing",
            "product_detail_url": "https://www.aliexpress.com/item/3256808837888682.html?pdp_npi=4%40dis%21USD%2122.47%214.91%21%21%2122.47%214.91%21%402140e70617659999460814002e8ae5%2112000047619440986%21affd%21%21%21",
            "target_sale_price": "4.91",
            "second_level_category_id": "200003937",
            "discount": "78%",
            "product_main_image_url": "https://ae-pic-a1.aliexpress-media.com/kf/Sd25e0f489ded4b989aa5ac4307fa7fb37.jpg",
            "first_level_category_id": "15",
            "target_sale_price_currency": "USD",
            "original_price_currency": "USD",
            "shop_url": "https://www.aliexpress.com/store/1101286939",
            "target_original_price_currency": "USD",
            "product_id": "3256808837888682",
            "seller_id": 231895072,
            "target_original_price": "22.47",
            "product_video_url": "https://video.aliexpress-media.com/play/u/ae_sg_item/3639254274/p/1/e/6/t/10301/50128944187.mp4",
            "first_level_category_name": "Home & Garden",
            "evaluate_rate": "94.0%",
            "sale_price": "4.91",
            "product_title": "HOMFUN 120 Colors Diamond Painting AB Fairy Dust Resin \"Fruit Flower\" DIY Picture Of Rhinestone 5D Diamond Embroidery Decor",
            "shop_id": 1101286939,
            "sale_price_currency": "USD",
            "lastest_volume": "62"
          },
          {
            "original_price": "39.10",
            "product_small_image_urls": {
              "string": [
                "https://ae-pic-a1.aliexpress-media.com/kf/S0fb7b9a49d0f4e67b271e460bd19904al.jpg",
                "https://ae-pic-a1.aliexpress-media.com/kf/Sf89477ec64dc409e9645a734310e889dm.jpg",
                "https://ae-pic-a1.aliexpress-media.com/kf/S0a51a16e67934367b9cb099b7589dcf4E.jpg",
                "https://ae-pic-a1.aliexpress-media.com/kf/S9c77a90071ec49e1b7df419c6c57aef2d.jpg",
                "https://ae-pic-a1.aliexpress-media.com/kf/S386ce0626c5441d8911e54d4d36cd7c7Q.jpg",
                "https://ae-pic-a1.aliexpress-media.com/kf/Sdf89297b9e2c4dd3a23ea55699c55b91t.jpg"
              ]
            },
            "second_level_category_name": "Arts,Crafts & Sewing",
            "product_detail_url": "https://www.aliexpress.com/item/3256809504959090.html?pdp_npi=4%40dis%21USD%215.59%210.99%21%21%2139.10%216.88%21%402140e70617659999460814002e8ae5%2112000049869324861%21affd%21%21%21",
            "target_sale_price": "0.99",
            "second_level_category_id": "200003937",
            "discount": "82%",
            "product_main_image_url": "https://ae-pic-a1.aliexpress-media.com/kf/S0fb7b9a49d0f4e67b271e460bd19904al.jpg",
            "first_level_category_id": "15",
            "target_sale_price_currency": "USD",
            "original_price_currency": "CNY",
            "shop_url": "https://www.aliexpress.com/store/1104405472",
            "target_original_price_currency": "USD",
            "product_id": "3256809504959090",
            "seller_id": 6001447421,
            "target_original_price": "5.59",
            "product_video_url": "",
            "first_level_category_name": "Home & Garden",
            "evaluate_rate": "95.2%",
            "sale_price": "6.88",
            "product_title": "Diamond Art Canvas Roller Holder Diamond Art Accessories Tools Keep Canvases of Sizes in Check for Organizer Diamond Canvas",
            "shop_id": 1104405472,
            "sale_price_currency": "CNY",
            "lastest_volume": "268"
          },
          {
            "original_price": "65.35",
            "product_small_image_urls": {
              "string": [
                "https://ae-pic-a1.aliexpress-media.com/kf/S240e3421c5024d9b852ada4333045cc6s.jpg",
                "https://ae-pic-a1.aliexpress-media.com/kf/Sbf4e14323afc40cc97931650d45a67d6m.jpg",
                "https://ae-pic-a1.aliexpress-media.com/kf/Sd95c4915eacf44ed927d6bf03bc91115h.jpg",
                "https://ae-pic-a1.aliexpress-media.com/kf/Sf432b13b0ab341a280fdb3a29cb086800.jpg",
                "https://ae-pic-a1.aliexpress-media.com/kf/Sc40e9f0e99004b0a8cc34aeb79781fa1D.jpg",
                "https://ae-pic-a1.aliexpress-media.com/kf/S162af72d3a774077813a689bf1653f7fH.jpg"
              ]
            },
            "second_level_category_name": "Motorcycle Equipments",
            "product_detail_url": "https://www.aliexpress.com/item/3256807877890302.html?pdp_npi=4%40dis%21USD%219.34%213.34%21%21%2165.35%2123.36%21%402140e70617659999460814002e8ae5%2112000043507476646%21affd%21%21%21",
            "target_sale_price": "3.34",
            "second_level_category_id": "201352950",
            "discount": "64%",
            "product_main_image_url": "https://ae-pic-a1.aliexpress-media.com/kf/S240e3421c5024d9b852ada4333045cc6s.jpg",
            "first_level_category_id": "201355758",
            "target_sale_price_currency": "USD",
            "original_price_currency": "CNY",
            "shop_url": "https://www.aliexpress.com/store/1101836474",
            "target_original_price_currency": "USD",
            "product_id": "3256807877890302",
            "seller_id": 251823095,
            "target_original_price": "9.34",
            "product_video_url": "https://video.aliexpress-media.com/play/u/ae_sg_item/251823095/p/1/e/6/t/10301/4000096894213.mp4",
            "first_level_category_name": "Motorcycle Equipments & Parts",
            "evaluate_rate": "90.4%",
            "sale_price": "23.36",
            "product_title": "Helmet Lens for AGV K5 K5S K3SV K1 K1S Compact ST Motorcycle Helmet Visor Windshield Shield Motorbike Accessories Glasses Casco",
            "shop_id": 1101836474,
            "sale_price_currency": "CNY",
            "lastest_volume": "1143"
          },
          {
            "original_price": "14.98",
            "product_small_image_urls": {
              "string": [
                "https://ae-pic-a1.aliexpress-media.com/kf/Sccaac6dde15e46fb89efed2dd224acf9q.jpg",
                "https://ae-pic-a1.aliexpress-media.com/kf/Se54ee69c70ef4332960dada8d0bbff8fq.jpg",
                "https://ae-pic-a1.aliexpress-media.com/kf/Sc2fa4810fe844775aaeac29dd3e27796b.jpg",
                "https://ae-pic-a1.aliexpress-media.com/kf/Seebb359ff7794fe6b45af5512fd362a6g.jpg",
                "https://ae-pic-a1.aliexpress-media.com/kf/S0bfea325eb13410a949d051503683fb0v.jpg",
                "https://ae-pic-a1.aliexpress-media.com/kf/Sed3005c498fc4089a9a9577c114f77399.jpg"
              ]
            },
            "second_level_category_name": "Office Electronics",
            "product_detail_url": "https://www.aliexpress.com/item/3256808336792657.html?pdp_npi=4%40dis%21USD%2114.98%210.99%21%21%2114.98%210.99%21%402140e70617659999460814002e8ae5%2112000045551568849%21affd%21%21%21",
            "target_sale_price": "0.99",
            "second_level_category_id": "200003782",
            "discount": "93%",
            "product_main_image_url": "https://ae-pic-a1.aliexpress-media.com/kf/Sccaac6dde15e46fb89efed2dd224acf9q.jpg",
            "first_level_category_id": "7",
            "target_sale_price_currency": "USD",
            "original_price_currency": "USD",
            "shop_url": "https://www.aliexpress.com/store/1101326270",
            "target_original_price_currency": "USD",
            "product_id": "3256808336792657",
            "seller_id": 238170569,
            "target_original_price": "14.98",
            "product_video_url": "",
            "first_level_category_name": "Computer & Office",
            "evaluate_rate": "92.9%",
            "sale_price": "0.99",
            "product_title": "Color Photo Paper 2x3 Inch Sticky-Backed Photo Colorful Paper For HPRT MT53 Pocket Photo Printer",
            "shop_id": 1101326270,
            "sale_price_currency": "USD",
            "lastest_volume": "133"
          },
          {
            "original_price": "6.13",
            "product_small_image_urls": {
              "string": [
                "https://ae-pic-a1.aliexpress-media.com/kf/Af52b4f478e8c43009574a79605325380q.jpg",
                "https://ae-pic-a1.aliexpress-media.com/kf/HTB1mTn7qSBYBeNjy0Feq6znmFXaG.jpg",
                "https://ae-pic-a1.aliexpress-media.com/kf/HTB1XGuVqFuWBuNjSspnq6x1NVXa5.jpg",
                "https://ae-pic-a1.aliexpress-media.com/kf/HTB1lYUbqStYBeNjSspkq6zU8VXaX.jpg",
                "https://ae-pic-a1.aliexpress-media.com/kf/HTB1fMLbqH9YBuNjy0Fgq6AxcXXa9.jpg",
                "https://ae-pic-a1.aliexpress-media.com/kf/HTB1FE2BqGmWBuNjy1Xaq6xCbXXa7.jpg"
              ]
            },
            "second_level_category_name": "Arts,Crafts & Sewing",
            "product_detail_url": "https://www.aliexpress.com/item/3256808998612515.html?pdp_npi=4%40dis%21USD%216.13%213.25%21%21%216.13%213.25%21%402140e70617659999460814002e8ae5%2112000048228658101%21affd%21%21%21",
            "target_sale_price": "3.25",
            "second_level_category_id": "200003937",
            "discount": "47%",
            "product_main_image_url": "https://ae-pic-a1.aliexpress-media.com/kf/Af52b4f478e8c43009574a79605325380q.jpg",
            "first_level_category_id": "15",
            "target_sale_price_currency": "USD",
            "original_price_currency": "USD",
            "shop_url": "https://www.aliexpress.com/store/1101286939",
            "target_original_price_currency": "USD",
            "product_id": "3256808998612515",
            "seller_id": 231895072,
            "target_original_price": "6.13",
            "product_video_url": "https://video.aliexpress-media.com/play/u/ae_sg_item/3639254274/p/1/e/6/t/10301/50130948766.mp4",
            "first_level_category_name": "Home & Garden",
            "evaluate_rate": "80.0%",
            "sale_price": "3.25",
            "product_title": "HOMFUN Diamond Painting \"Hot air balloon view\" DIY 5D Diamond Embroidery Sale Full Set Rhinestone Cross Stitch Home Decor",
            "shop_id": 1101286939,
            "sale_price_currency": "USD",
            "lastest_volume": "13"
          },
          {
            "original_price": "7.52",
            "product_small_image_urls": {
              "string": [
                "https://ae-pic-a1.aliexpress-media.com/kf/Sde8a927eae4d49c3a1ab738d580c4fc76.jpg",
                "https://ae-pic-a1.aliexpress-media.com/kf/Sc0bd273b43c94476b77ac1380239b03bp.jpg",
                "https://ae-pic-a1.aliexpress-media.com/kf/S39349fbb3bf8497cacbee330e5a0150d6.jpg",
                "https://ae-pic-a1.aliexpress-media.com/kf/S3740687e9f8a492c87ca368bbfe6e304P.jpg",
                "https://ae-pic-a1.aliexpress-media.com/kf/S61bf700e20df4f42aa89e99bd358a47dj.jpg",
                "https://ae-pic-a1.aliexpress-media.com/kf/S511338b5da3a45bf982fdcb743eb65c5F.jpg"
              ]
            },
            "second_level_category_name": "Arts,Crafts & Sewing",
            "product_detail_url": "https://www.aliexpress.com/item/3256810005880149.html?pdp_npi=4%40dis%21USD%217.52%210.99%21%21%217.52%210.99%21%402140e70617659999460814002e8ae5%2112000051474599544%21affd%21%21%21",
            "target_sale_price": "0.99",
            "second_level_category_id": "200003937",
            "discount": "86%",
            "product_main_image_url": "https://ae-pic-a1.aliexpress-media.com/kf/Sde8a927eae4d49c3a1ab738d580c4fc76.jpg",
            "first_level_category_id": "15",
            "target_sale_price_currency": "USD",
            "original_price_currency": "USD",
            "shop_url": "https://www.aliexpress.com/store/1101260553",
            "target_original_price_currency": "USD",
            "product_id": "3256810005880149",
            "seller_id": 230934582,
            "target_original_price": "7.52",
            "product_video_url": "",
            "first_level_category_name": "Home & Garden",
            "evaluate_rate": "96.1%",
            "sale_price": "0.99",
            "product_title": "HOMFUN Diamond Painting Pen，Beautiful Embroidery Threaded Dot Drill Tool，Multifunctional Metal Screw Thread Tips Accessories",
            "shop_id": 1101260553,
            "sale_price_currency": "USD",
            "lastest_volume": "489"
          },
          {
            "original_price": "40.45",
            "product_small_image_urls": {
              "string": [
                "https://ae-pic-a1.aliexpress-media.com/kf/S51ef9316212c441aa749e60a993e3ed3N.jpg",
                "https://ae-pic-a1.aliexpress-media.com/kf/Sef89281c6e9945d6b4e96f52f01788e08.jpg",
                "https://ae-pic-a1.aliexpress-media.com/kf/S08b0657020da489f8d922de0508b8b83D.jpg",
                "https://ae-pic-a1.aliexpress-media.com/kf/S6ceccbc1a7ef4ebeb85deda121640d7cp.jpg",
                "https://ae-pic-a1.aliexpress-media.com/kf/Sb390e6c1323e4fe093261b69de033cd6y.jpg",
                "https://ae-pic-a1.aliexpress-media.com/kf/S25de07e8c4034254833e20a686152779N.jpg"
              ]
            },
            "second_level_category_name": "Arts,Crafts & Sewing",
            "product_detail_url": "https://www.aliexpress.com/item/3256806503946134.html?pdp_npi=4%40dis%21USD%215.78%210.99%21%21%2140.45%216.96%21%402140e70617659999460814002e8ae5%2112000038020859773%21affd%21%21%21",
            "target_sale_price": "0.99",
            "second_level_category_id": "200003937",
            "discount": "82%",
            "product_main_image_url": "https://ae-pic-a1.aliexpress-media.com/kf/S51ef9316212c441aa749e60a993e3ed3N.jpg",
            "first_level_category_id": "15",
            "target_sale_price_currency": "USD",
            "original_price_currency": "CNY",
            "shop_url": "https://www.aliexpress.com/store/1102773241",
            "target_original_price_currency": "USD",
            "product_id": "3256806503946134",
            "seller_id": 2673578043,
            "target_original_price": "5.78",
            "product_video_url": "",
            "first_level_category_name": "Home & Garden",
            "evaluate_rate": "96.9%",
            "sale_price": "6.96",
            "product_title": "Diamond Painting Accessories Light Pad Switch Cover, Diamond Art Light Pad Touch Button Protector Cover for Light Table",
            "shop_id": 1102773241,
            "sale_price_currency": "CNY",
            "lastest_volume": "250"
          },
          {
            "original_price": "177.91",
            "product_small_image_urls": {
              "string": [
                "https://ae-pic-a1.aliexpress-media.com/kf/Sa982b66cf63444b1b9a3362e8b1ff382B.jpg",
                "https://ae-pic-a1.aliexpress-media.com/kf/S6b8fd44fa843400aa05000052922b2edd.jpg",
                "https://ae-pic-a1.aliexpress-media.com/kf/S18b43c726b5a4344a14e121090282ac37.jpg",
                "https://ae-pic-a1.aliexpress-media.com/kf/S68e40b9edab240b6b6226d0f69ff7870y.jpg",
                "https://ae-pic-a1.aliexpress-media.com/kf/Sa885cbbeebe84cfe8498ef8e78300fd31.jpg",
                "https://ae-pic-a1.aliexpress-media.com/kf/Se9c5e26ccac94073b9a67bd444b4f280h.jpg"
              ]
            },
            "second_level_category_name": "Arts,Crafts & Sewing",
            "product_detail_url": "https://www.aliexpress.com/item/3256809831001218.html?pdp_npi=4%40dis%21USD%2125.42%2116.39%21%21%21177.91%21114.70%21%402140e70617659999460814002e8ae5%2112000050855118734%21affd%21%21%21",
            "target_sale_price": "16.39",
            "second_level_category_id": "200003937",
            "discount": "35%",
            "product_main_image_url": "https://ae-pic-a1.aliexpress-media.com/kf/Sa982b66cf63444b1b9a3362e8b1ff382B.jpg",
            "first_level_category_id": "15",
            "target_sale_price_currency": "USD",
            "original_price_currency": "CNY",
            "shop_url": "https://www.aliexpress.com/store/1102559579",
            "target_original_price_currency": "USD",
            "product_id": "3256809831001218",
            "seller_id": 2673651727,
            "target_original_price": "25.42",
            "product_video_url": "",
            "first_level_category_name": "Home & Garden",
            "evaluate_rate": "95.7%",
            "sale_price": "114.70",
            "product_title": "Foreveryoung Minigem Small Diamond Art Kits for Beginners 12Pcs Square Drill Diamond Painting Kits Postcard-Style 12 Months Kit",
            "shop_id": 1102559579,
            "sale_price_currency": "CNY",
            "lastest_volume": "202"
          },
          {
            "original_price": "5.55",
            "product_small_image_urls": {
              "string": [
                "https://ae-pic-a1.aliexpress-media.com/kf/H07e546880dde42158b82f92739f89286Z.jpg",
                "https://ae-pic-a1.aliexpress-media.com/kf/Heba348198fc74f2a96188c116b8cfac7g.jpg",
                "https://ae-pic-a1.aliexpress-media.com/kf/HTB1YVIRScbpK1RjSZFyq6x_qFXa1.jpg",
                "https://ae-pic-a1.aliexpress-media.com/kf/HTB1BMwESmrqK1RjSZK9q6xyypXaq.jpg",
                "https://ae-pic-a1.aliexpress-media.com/kf/HTB1xEQQSkvoK1RjSZFNq6AxMVXaf.jpg",
                "https://ae-pic-a1.aliexpress-media.com/kf/HTB1q5sOSkvoK1RjSZFDq6xY3pXaX.jpg"
              ]
            },
            "second_level_category_name": "Arts,Crafts & Sewing",
            "product_detail_url": "https://www.aliexpress.com/item/3256801271938354.html?pdp_npi=4%40dis%21USD%215.55%212.94%21%21%215.55%212.94%21%402140e70617659999460814002e8ae5%2112000016193299962%21affd%21%21%21",
            "target_sale_price": "2.94",
            "second_level_category_id": "200003937",
            "discount": "47%",
            "product_main_image_url": "https://ae-pic-a1.aliexpress-media.com/kf/H07e546880dde42158b82f92739f89286Z.jpg",
            "first_level_category_id": "15",
            "target_sale_price_currency": "USD",
            "original_price_currency": "USD",
            "shop_url": "https://www.aliexpress.com/store/1101260553",
            "target_original_price_currency": "USD",
            "product_id": "3256801271938354",
            "seller_id": 230934582,
            "target_original_price": "5.55",
            "product_video_url": "https://video.aliexpress-media.com/play/u/ae_sg_item/3345076396/p/1/e/6/t/10301/224153576232.mp4",
            "first_level_category_name": "Home & Garden",
            "evaluate_rate": "0.0%",
            "sale_price": "2.94",
            "product_title": "HOMFUN Art 5D Diy Diamond Painting \"Hot air balloon sky\" Diamond Pictures Cross Stitch 3D Rhinestone Embroidery Decor",
            "shop_id": 1101260553,
            "sale_price_currency": "USD",
            "lastest_volume": "1"
          },
          {
            "original_price": "19.59",
            "product_small_image_urls": {
              "string": [
                "https://ae-pic-a1.aliexpress-media.com/kf/S82e94d76af32417fa639b32d14849d4bT.jpg",
                "https://ae-pic-a1.aliexpress-media.com/kf/Sb331903e0a8946c79d1b40728ea3ad05B.jpg",
                "https://ae-pic-a1.aliexpress-media.com/kf/Sdedd39d2a064469da65ce06acd6a1b53m.jpg",
                "https://ae-pic-a1.aliexpress-media.com/kf/S773acd1830394008a44d2ecff5a97482Z.jpg",
                "https://ae-pic-a1.aliexpress-media.com/kf/S08a490e9e2ca49b78559f7a9298ac18dT.jpg",
                "https://ae-pic-a1.aliexpress-media.com/kf/Sdfbb1ac1e7ea4765855d67b09ded4e2bz.jpg"
              ]
            },
            "second_level_category_name": "Arts,Crafts & Sewing",
            "product_detail_url": "https://www.aliexpress.com/item/3256804768011285.html?pdp_npi=4%40dis%21USD%2119.59%211.84%21%21%2119.59%211.84%21%402140e70617659999460814002e8ae5%2112000031140660729%21affd%21%21%21",
            "target_sale_price": "1.84",
            "second_level_category_id": "200003937",
            "discount": "90%",
            "product_main_image_url": "https://ae-pic-a1.aliexpress-media.com/kf/S82e94d76af32417fa639b32d14849d4bT.jpg",
            "first_level_category_id": "15",
            "target_sale_price_currency": "USD",
            "original_price_currency": "USD",
            "shop_url": "https://www.aliexpress.com/store/1101492040",
            "target_original_price_currency": "USD",
            "product_id": "3256804768011285",
            "seller_id": 242447937,
            "target_original_price": "19.59",
            "product_video_url": "https://video.aliexpress-media.com/play/u/ae_sg_item/242447937/p/1/e/6/t/10301/1100099457352.mp4",
            "first_level_category_name": "Home & Garden",
            "evaluate_rate": "96.4%",
            "sale_price": "1.84",
            "product_title": "100% Crystal Mystery Full Square 5D Diamond Painting Cross Stitch Resin Diamond Embroidery Mosaic Queen Home Decor,AB Square 5D",
            "shop_id": 1101492040,
            "sale_price_currency": "USD",
            "lastest_volume": "312"
          },
          {
            "original_price": "4.30",
            "product_small_image_urls": {
              "string": [
                "https://ae-pic-a1.aliexpress-media.com/kf/Sf13224a60fea4908ad1100424bafa4164.jpg",
                "https://ae-pic-a1.aliexpress-media.com/kf/S01cf5fc5cb0a444d90ca5fdf35223fa6u.jpg",
                "https://ae-pic-a1.aliexpress-media.com/kf/S61b5d147256d4bfeafe1c4613cfe1e8ao.jpg",
                "https://ae-pic-a1.aliexpress-media.com/kf/S4cb0d3ba536345c4aa69f976c6725881P.jpg",
                "https://ae-pic-a1.aliexpress-media.com/kf/HTB1UtHZTgHqK1RjSZJnq6zNLpXa7.jpg",
                "https://ae-pic-a1.aliexpress-media.com/kf/HTB1Mk_OThTpK1RjSZR0q6zEwXXaj.jpg"
              ]
            },
            "second_level_category_name": "Arts,Crafts & Sewing",
            "product_detail_url": "https://www.aliexpress.com/item/3256806674604207.html?pdp_npi=4%40dis%21USD%214.30%212.28%21%21%214.30%212.28%21%402140e70617659999460814002e8ae5%2112000038545131597%21affd%21%21%21",
            "target_sale_price": "2.28",
            "second_level_category_id": "200003937",
            "discount": "47%",
            "product_main_image_url": "https://ae-pic-a1.aliexpress-media.com/kf/Sf13224a60fea4908ad1100424bafa4164.jpg",
            "first_level_category_id": "15",
            "target_sale_price_currency": "USD",
            "original_price_currency": "USD",
            "shop_url": "https://www.aliexpress.com/store/1101260553",
            "target_original_price_currency": "USD",
            "product_id": "3256806674604207",
            "seller_id": 230934582,
            "target_original_price": "4.30",
            "product_video_url": "https://video.aliexpress-media.com/play/u/ae_sg_item/3345076396/p/1/e/6/t/10301/224767266457.mp4",
            "first_level_category_name": "Home & Garden",
            "evaluate_rate": "96.6%",
            "sale_price": "2.28",
            "product_title": "HOMFUN Fairy Dust AB Photo Custom Diamond Painting 5D DIY Picture Rhinestones Resin Drill Embroidery 3D Cross Stitch Home Decor",
            "shop_id": 1101260553,
            "sale_price_currency": "USD",
            "lastest_volume": "584"
          },
          {
            "original_price": "6.22",
            "product_small_image_urls": {
              "string": [
                "https://ae-pic-a1.aliexpress-media.com/kf/S0ef54dac814e4158887ec8d0b2272501N.jpg",
                "https://ae-pic-a1.aliexpress-media.com/kf/S3a87d4ebf3cc429da630637f229aa814d.jpg",
                "https://ae-pic-a1.aliexpress-media.com/kf/S39ebb8f823f343a29e5416618a5d8ff27.jpg",
                "https://ae-pic-a1.aliexpress-media.com/kf/S3d554d177ae44f46943d61ff4006bd93P.jpg",
                "https://ae-pic-a1.aliexpress-media.com/kf/S2b2b8b3f3e894a879c9240dc0ddf94dfG.jpg",
                "https://ae-pic-a1.aliexpress-media.com/kf/Sb418111701ca45e5bec472c69e56472bC.jpg"
              ]
            },
            "second_level_category_name": "Arts,Crafts & Sewing",
            "product_detail_url": "https://www.aliexpress.com/item/3256807012552079.html?pdp_npi=4%40dis%21USD%216.22%210.99%21%21%216.22%210.99%21%402140e70617659999460814002e8ae5%2112000039777532201%21affd%21%21%21",
            "target_sale_price": "0.99",
            "second_level_category_id": "200003937",
            "discount": "84%",
            "product_main_image_url": "https://ae-pic-a1.aliexpress-media.com/kf/S0ef54dac814e4158887ec8d0b2272501N.jpg",
            "first_level_category_id": "15",
            "target_sale_price_currency": "USD",
            "original_price_currency": "USD",
            "shop_url": "https://www.aliexpress.com/store/1101260553",
            "target_original_price_currency": "USD",
            "product_id": "3256807012552079",
            "seller_id": 230934582,
            "target_original_price": "6.22",
            "product_video_url": "",
            "first_level_category_name": "Home & Garden",
            "evaluate_rate": "88.4%",
            "sale_price": "0.99",
            "product_title": "HOMFUN A3/A4 Diamond Painting Storage Book - Organizer with 30 Crystal Clear Pockets, Securely Stores and Displays Your Artwork",
            "shop_id": 1101260553,
            "sale_price_currency": "USD",
            "lastest_volume": "201"
          },
          {
            "original_price": "66.56",
            "product_small_image_urls": {
              "string": [
                "https://ae-pic-a1.aliexpress-media.com/kf/Sd261bfffb0d443e193e5b33e709982d08.jpg",
                "https://ae-pic-a1.aliexpress-media.com/kf/S56a1e9d79f304dbf93ad24ef9686f0b8y.jpg",
                "https://ae-pic-a1.aliexpress-media.com/kf/S336d7524b50143948d12b96e75d4fe85y.jpg",
                "https://ae-pic-a1.aliexpress-media.com/kf/Sc0a4171aece7474c871061c2bc71d6dd2.jpg",
                "https://ae-pic-a1.aliexpress-media.com/kf/Sade25af0a2914a9fad1bf7da8fcc7f331.jpg",
                "https://ae-pic-a1.aliexpress-media.com/kf/S06dacebdc071405a9e583076bd6764a1i.jpg"
              ]
            },
            "second_level_category_name": "Office Electronics",
            "product_detail_url": "https://www.aliexpress.com/item/3256809768245645.html?pdp_npi=4%40dis%21USD%219.51%210.99%21%21%2166.56%216.93%21%402140e70617659999460814002e8ae5%2112000050675495658%21affd%21%21%21",
            "target_sale_price": "0.99",
            "second_level_category_id": "200003782",
            "discount": "89%",
            "product_main_image_url": "https://ae-pic-a1.aliexpress-media.com/kf/Sd261bfffb0d443e193e5b33e709982d08.jpg",
            "first_level_category_id": "7",
            "target_sale_price_currency": "USD",
            "original_price_currency": "CNY",
            "shop_url": "https://www.aliexpress.com/store/1102628018",
            "target_original_price_currency": "USD",
            "product_id": "3256809768245645",
            "seller_id": 2671249669,
            "target_original_price": "9.51",
            "product_video_url": "",
            "first_level_category_name": "Computer & Office",
            "evaluate_rate": "100.0%",
            "sale_price": "6.93",
            "product_title": "Kids Color Print Instant Camera Refill Paper HD Thermal Print Rolls 57*25mm Smooth Finish Compatible with Most Kids Cameras",
            "shop_id": 1102628018,
            "sale_price_currency": "CNY",
            "lastest_volume": "32"
          },
          {
            "original_price": "4.30",
            "product_small_image_urls": {
              "string": [
                "https://ae-pic-a1.aliexpress-media.com/kf/HTB1Uh0mTHvpK1RjSZFqq6AXUVXat.jpg",
                "https://ae-pic-a1.aliexpress-media.com/kf/HTB1MBvLTmzqK1RjSZFLq6An2XXay.jpg",
                "https://ae-pic-a1.aliexpress-media.com/kf/HTB1UtHZTgHqK1RjSZJnq6zNLpXa7.jpg",
                "https://ae-pic-a1.aliexpress-media.com/kf/HTB1Mk_OThTpK1RjSZR0q6zEwXXaj.jpg",
                "https://ae-pic-a1.aliexpress-media.com/kf/HTB1NYLJTjDpK1RjSZFrq6y78VXaO.jpg",
                "https://ae-pic-a1.aliexpress-media.com/kf/HTB17YbWTXzqK1RjSZFCq6zbxVXaV.jpg"
              ]
            },
            "second_level_category_name": "Arts,Crafts & Sewing",
            "product_detail_url": "https://www.aliexpress.com/item/2251832824933198.html?pdp_npi=4%40dis%21USD%214.30%210.99%21%21%214.30%210.99%21%402140e70617659999460814002e8ae5%2167082298368%21affd%21%21%21",
            "target_sale_price": "0.99",
            "second_level_category_id": "200003937",
            "discount": "76%",
            "product_main_image_url": "https://ae-pic-a1.aliexpress-media.com/kf/HTB1Uh0mTHvpK1RjSZFqq6AXUVXat.jpg",
            "first_level_category_id": "15",
            "target_sale_price_currency": "USD",
            "original_price_currency": "USD",
            "shop_url": "https://www.aliexpress.com/store/1101260553",
            "target_original_price_currency": "USD",
            "product_id": "2251832824933198",
            "seller_id": 230934582,
            "target_original_price": "4.30",
            "product_video_url": "https://video.aliexpress-media.com/play/u/ae_sg_item/3345076396/p/1/e/6/t/10301/224767266457.mp4",
            "first_level_category_name": "Home & Garden",
            "evaluate_rate": "97.9%",
            "sale_price": "0.99",
            "product_title": "HOMFUN Photo Custom Diamond Painting 5D DIY Picture of Rhinestones Diamond Embroidery 3D Cross Stitch Home Wedding Decoration",
            "shop_id": 1101260553,
            "sale_price_currency": "USD",
            "lastest_volume": "4906"
          },
          {
            "original_price": "146.01",
            "product_small_image_urls": {
              "string": [
                "https://ae-pic-a1.aliexpress-media.com/kf/S15a99bdb5b844949a2a97f5654a8e87bT.jpg",
                "https://ae-pic-a1.aliexpress-media.com/kf/S1fa7cb85bdd747c9bfae86e15078b537e.jpg",
                "https://ae-pic-a1.aliexpress-media.com/kf/S2e2110061ff844a79e900dbc3ee69c49p.jpg",
                "https://ae-pic-a1.aliexpress-media.com/kf/S774f14452cc841ceb1dd306b0296bf309.jpg",
                "https://ae-pic-a1.aliexpress-media.com/kf/S49e11847859b45d8aae3fe730b84364b4.jpg",
                "https://ae-pic-a1.aliexpress-media.com/kf/S483816067a4b4edab101cc648b3cf508u.jpg"
              ]
            },
            "second_level_category_name": "Office Electronics",
            "product_detail_url": "https://www.aliexpress.com/item/3256808291842638.html?pdp_npi=4%40dis%21USD%2120.86%214.22%21%21%21146.01%2129.55%21%402140e70617659999460814002e8ae5%2112000045324227329%21affd%21%21%21",
            "target_sale_price": "4.22",
            "second_level_category_id": "200003782",
            "discount": "79%",
            "product_main_image_url": "https://ae-pic-a1.aliexpress-media.com/kf/S15a99bdb5b844949a2a97f5654a8e87bT.jpg",
            "first_level_category_id": "7",
            "target_sale_price_currency": "USD",
            "original_price_currency": "CNY",
            "shop_url": "https://www.aliexpress.com/store/1103847397",
            "target_original_price_currency": "USD",
            "product_id": "3256808291842638",
            "seller_id": 6000031445,
            "target_original_price": "20.86",
            "product_video_url": "",
            "first_level_category_name": "Computer & Office",
            "evaluate_rate": "95.5%",
            "sale_price": "29.55",
            "product_title": "Color Photo Paper 2x3 Inch Sticky-Backed Zink Photo Paper For HPRT MT53 Pocket Photo Printer",
            "shop_id": 1103847397,
            "sale_price_currency": "CNY",
            "lastest_volume": "1291"
          },
          {
            "original_price": "962.21",
            "product_small_image_urls": {
              "string": [
                "https://ae-pic-a1.aliexpress-media.com/kf/S9aff36e12d7944ada7581ac67185ea2bj.jpg",
                "https://ae-pic-a1.aliexpress-media.com/kf/Sa974b6987bf9463085a60af3dc0b849e1.jpg",
                "https://ae-pic-a1.aliexpress-media.com/kf/S31fab7a416ea4854888459355eb675ddE.jpg",
                "https://ae-pic-a1.aliexpress-media.com/kf/Sd9411a5167c847a689e9b2065f6b4a05g.jpg",
                "https://ae-pic-a1.aliexpress-media.com/kf/Se99590d73607479e948436beb9ebbbb44.jpg",
                "https://ae-pic-a1.aliexpress-media.com/kf/S9e9c85f15e4f4e35ab51920da39d9f19C.jpg"
              ]
            },
            "second_level_category_name": "Office Electronics",
            "product_detail_url": "https://www.aliexpress.com/item/3256807120975791.html?pdp_npi=4%40dis%21USD%21137.50%2161.75%21%21%21962.21%21432.13%21%402140e70617659999460814002e8ae5%2112000040265713781%21affd%21%21%21",
            "target_sale_price": "61.75",
            "second_level_category_id": "200003782",
            "discount": "55%",
            "product_main_image_url": "https://ae-pic-a1.aliexpress-media.com/kf/S9aff36e12d7944ada7581ac67185ea2bj.jpg",
            "first_level_category_id": "7",
            "target_sale_price_currency": "USD",
            "original_price_currency": "CNY",
            "shop_url": "https://www.aliexpress.com/store/1103740799",
            "target_original_price_currency": "USD",
            "product_id": "3256807120975791",
            "seller_id": 2683129065,
            "target_original_price": "137.50",
            "product_video_url": "",
            "first_level_category_name": "Computer & Office",
            "sale_price": "432.13",
            "product_title": "36 sheets PT3013 original photo paper 2.5x3.7inch 36 photo/box for LG PC389P PC389S PC389 snap photo printer",
            "shop_id": 1103740799,
            "sale_price_currency": "CNY",
            "lastest_volume": "2"
          },
          {
            "original_price": "22.37",
            "product_small_image_urls": {
              "string": [
                "https://ae-pic-a1.aliexpress-media.com/kf/S2fa1034dfe124801aa736374dc7d3817q.jpg",
                "https://ae-pic-a1.aliexpress-media.com/kf/S8eb1edf1bcf34bbdbec63a49cdb08d7cv.jpg",
                "https://ae-pic-a1.aliexpress-media.com/kf/S5c55e102eded4d69be968173cad5529aI.jpg",
                "https://ae-pic-a1.aliexpress-media.com/kf/S679e1b1a3b0842a0b5774b7c11a21349K.jpg",
                "https://ae-pic-a1.aliexpress-media.com/kf/Sa210cf71ae0f48a99746bb2507dea7d8F.jpg",
                "https://ae-pic-a1.aliexpress-media.com/kf/Sdfbd0d1d630643578276cfdf6edd0d5dK.jpg"
              ]
            },
            "second_level_category_name": "Arts,Crafts & Sewing",
            "product_detail_url": "https://www.aliexpress.com/item/3256804539024202.html?pdp_npi=4%40dis%21USD%2122.37%216.30%21%21%2122.37%216.30%21%402140e70617659999460814002e8ae5%2112000030242474513%21affd%21%21%21",
            "target_sale_price": "6.30",
            "second_level_category_id": "200003937",
            "discount": "71%",
            "product_main_image_url": "https://ae-pic-a1.aliexpress-media.com/kf/S2fa1034dfe124801aa736374dc7d3817q.jpg",
            "first_level_category_id": "15",
            "target_sale_price_currency": "USD",
            "original_price_currency": "USD",
            "shop_url": "https://www.aliexpress.com/store/1100476907",
            "target_original_price_currency": "USD",
            "product_id": "3256804539024202",
            "seller_id": 201023312,
            "target_original_price": "22.37",
            "product_video_url": "",
            "first_level_category_name": "Home & Garden",
            "evaluate_rate": "68.0%",
            "sale_price": "6.30",
            "product_title": "High Quality Scottish Plaid Blended Cotton Fabric for Sewing Ladies Skirt For Fall and Winter,Tartan Designer Fabric, Half Meter",
            "shop_id": 1100476907,
            "sale_price_currency": "USD",
            "lastest_volume": "14"
          },
          {
            "original_price": "191.90",
            "product_small_image_urls": {
              "string": [
                "https://ae-pic-a1.aliexpress-media.com/kf/S130370451da34531b128d6c49ccac146s.jpg",
                "https://ae-pic-a1.aliexpress-media.com/kf/Sd122782bb8714fb792832171538fd947t.jpg",
                "https://ae-pic-a1.aliexpress-media.com/kf/Sef551558adcc4ed58e5a53ec0585e274b.jpg",
                "https://ae-pic-a1.aliexpress-media.com/kf/Sf20d48f45c7d4dd4a7861f6b357d7223K.jpg",
                "https://ae-pic-a1.aliexpress-media.com/kf/S28b9e0bdb37a48e8b6f426a703868604R.jpg",
                "https://ae-pic-a1.aliexpress-media.com/kf/S9a4b148d82d84a608222c0cb30f3c687t.jpg"
              ]
            },
            "second_level_category_name": "Arts,Crafts & Sewing",
            "product_detail_url": "https://www.aliexpress.com/item/3256808777364847.html?pdp_npi=4%40dis%21USD%2127.42%211.43%21%21%21191.90%2110.05%21%402140e70617659999460814002e8ae5%2112000047389150847%21affd%21%21%21",
            "target_sale_price": "1.43",
            "second_level_category_id": "200003937",
            "discount": "94%",
            "product_main_image_url": "https://ae-pic-a1.aliexpress-media.com/kf/S130370451da34531b128d6c49ccac146s.jpg",
            "first_level_category_id": "15",
            "target_sale_price_currency": "USD",
            "original_price_currency": "CNY",
            "shop_url": "https://www.aliexpress.com/store/1104405472",
            "target_original_price_currency": "USD",
            "product_id": "3256808777364847",
            "seller_id": 6001447421,
            "target_original_price": "27.42",
            "product_video_url": "",
            "first_level_category_name": "Home & Garden",
            "evaluate_rate": "94.5%",
            "sale_price": "10.05",
            "product_title": "Ergonomic Diamond Painting Art Drill Bead Dot Pen Kit With Slim Thread Stainless Steels Metal Pen Heads Roller Tool Accessories",
            "shop_id": 1104405472,
            "sale_price_currency": "CNY",
            "lastest_volume": "896"
          },
          {
            "original_price": "7.28",
            "product_small_image_urls": {
              "string": [
                "https://ae-pic-a1.aliexpress-media.com/kf/Sb53df2a3d8784240af8e5b24eb92c873w.jpg",
                "https://ae-pic-a1.aliexpress-media.com/kf/Sdbbc52a346f94e6d868204d90e41829bt.jpg",
                "https://ae-pic-a1.aliexpress-media.com/kf/S9aa2d46b82ed48a8a519498fa8d04411C.jpg",
                "https://ae-pic-a1.aliexpress-media.com/kf/S6b75a022471a4771a3946a5eed1f0b24o.jpg",
                "https://ae-pic-a1.aliexpress-media.com/kf/S5a71570792a54fbfa7d1ce288c2567bbv.jpg"
              ]
            },
            "second_level_category_name": "Hats & Caps",
            "product_detail_url": "https://www.aliexpress.com/item/3256809679848871.html?pdp_npi=4%40dis%21USD%217.28%214.30%21%21%217.28%214.30%21%402140e70617659999460814002e8ae5%2112000050416862412%21affd%21%21%21",
            "target_sale_price": "4.30",
            "second_level_category_id": "200000402",
            "discount": "41%",
            "product_main_image_url": "https://ae-pic-a1.aliexpress-media.com/kf/Sb53df2a3d8784240af8e5b24eb92c873w.jpg",
            "first_level_category_id": "200000297",
            "target_sale_price_currency": "USD",
            "original_price_currency": "USD",
            "shop_url": "https://www.aliexpress.com/store/1102458032",
            "target_original_price_currency": "USD",
            "product_id": "3256809679848871",
            "seller_id": 2671658661,
            "target_original_price": "7.28",
            "product_video_url": "",
            "first_level_category_name": "Apparel Accessories",
            "evaluate_rate": "80.0%",
            "sale_price": "4.30",
            "product_title": "Custom Demon Slayer Tanjirou Kamado Skullies Beanies Caps Winter Warm Knitting Hat Kimetsu No Yaiba Bonnet Hats Outdoor Ski Cap",
            "shop_id": 1102458032,
            "sale_price_currency": "USD",
            "lastest_volume": "13"
          },
          {
            "original_price": "421.52",
            "product_small_image_urls": {
              "string": [
                "https://ae-pic-a1.aliexpress-media.com/kf/S7e0802222dcb4f8a899659f65085769cW.jpg",
                "https://ae-pic-a1.aliexpress-media.com/kf/S71bfe0d7e4204ff196cae681fe40d9fd6.jpg",
                "https://ae-pic-a1.aliexpress-media.com/kf/S1bf9feef19594bb38349204abbc56bbcW.jpg",
                "https://ae-pic-a1.aliexpress-media.com/kf/S654014ae052b4b378c1f5e6a54a43a6dd.jpg",
                "https://ae-pic-a1.aliexpress-media.com/kf/S9c31fc52ac1d4968bef3cbc9b7c4f51eX.jpg",
                "https://ae-pic-a1.aliexpress-media.com/kf/S66923af350cd448eae9d89657459ef60I.jpg"
              ]
            },
            "second_level_category_name": "Arts,Crafts & Sewing",
            "product_detail_url": "https://www.aliexpress.com/item/3256806046502450.html?pdp_npi=4%40dis%21USD%2160.24%2117.52%21%21%21421.52%21122.56%21%402140e70617659999460814002e8ae5%2112000036391832612%21affd%21%21%21",
            "target_sale_price": "17.52",
            "second_level_category_id": "200003937",
            "discount": "70%",
            "product_main_image_url": "https://ae-pic-a1.aliexpress-media.com/kf/S7e0802222dcb4f8a899659f65085769cW.jpg",
            "first_level_category_id": "15",
            "target_sale_price_currency": "USD",
            "original_price_currency": "CNY",
            "shop_url": "https://www.aliexpress.com/store/1103009190",
            "target_original_price_currency": "USD",
            "product_id": "3256806046502450",
            "seller_id": 2676218126,
            "target_original_price": "60.24",
            "product_video_url": "",
            "first_level_category_name": "Home & Garden",
            "evaluate_rate": "94.7%",
            "sale_price": "122.56",
            "product_title": "42/50/78 Grids Box Elizabeth Ward Bead Storage Portable Container Transparent Diamond Painting Plastic Storage Box",
            "shop_id": 1103009190,
            "sale_price_currency": "CNY",
            "lastest_volume": "126"
          },
          {
            "original_price": "172.50",
            "product_small_image_urls": {
              "string": [
                "https://ae-pic-a1.aliexpress-media.com/kf/Hf68f1ed25f954c779aae045eda8f4862d.jpg",
                "https://ae-pic-a1.aliexpress-media.com/kf/Sfab43af9afc74550829b1492d77eb02eg.jpg",
                "https://ae-pic-a1.aliexpress-media.com/kf/S1bcde3406ad14835b0e2d9d1752c9f38I.jpg",
                "https://ae-pic-a1.aliexpress-media.com/kf/S682804c2623944409b99009c334def4fC.jpg",
                "https://ae-pic-a1.aliexpress-media.com/kf/S178c574dd4a94e0e85d061446e9a8858u.jpg",
                "https://ae-pic-a1.aliexpress-media.com/kf/S8a059e7e58454e7580a956105bd32211m.jpg"
              ]
            },
            "second_level_category_name": "Storage Device",
            "product_detail_url": "https://www.aliexpress.com/item/3256804532348532.html?pdp_npi=4%40dis%21USD%21172.50%21129.27%21%21%21172.50%21129.27%21%402140e70617659999460814002e8ae5%2112000051707157490%21affd%21%21%21",
            "target_sale_price": "129.27",
            "second_level_category_id": "200001074",
            "discount": "25%",
            "product_main_image_url": "https://ae-pic-a1.aliexpress-media.com/kf/Hf68f1ed25f954c779aae045eda8f4862d.jpg",
            "first_level_category_id": "7",
            "target_sale_price_currency": "USD",
            "original_price_currency": "USD",
            "shop_url": "https://www.aliexpress.com/store/1101368308",
            "target_original_price_currency": "USD",
            "product_id": "3256804532348532",
            "seller_id": 239931281,
            "target_original_price": "172.50",
            "product_video_url": "",
            "first_level_category_name": "Computer & Office",
            "evaluate_rate": "100.0%",
            "sale_price": "129.27",
            "product_title": "Netac Micro Sd Card 256gb 512gb Memory Card 128gb A1 U3 C10 V30 4K HD Video Microsdxc for tachograph uav monitoring",
            "shop_id": 1101368308,
            "sale_price_currency": "USD",
            "lastest_volume": "58"
          },
          {
            "original_price": "50.00",
            "product_small_image_urls": {
              "string": [
                "https://ae-pic-a1.aliexpress-media.com/kf/S96b0a4435912415c9c2180df3c97b05eS.jpg",
                "https://ae-pic-a1.aliexpress-media.com/kf/S56ee54bf43b4444c9c57f9c168bd6a17p.jpg",
                "https://ae-pic-a1.aliexpress-media.com/kf/Sa23ac22b2e20418dbabef3329b1ad762a.jpg",
                "https://ae-pic-a1.aliexpress-media.com/kf/S00b082a42ff644e88e9ccc1d04d56c1bR.jpg",
                "https://ae-pic-a1.aliexpress-media.com/kf/S549dc21da756446d8664afa419052d7fR.jpg",
                "https://ae-pic-a1.aliexpress-media.com/kf/S191901bc8fa04450adb5bcaf30ff1b7cb.jpg"
              ]
            },
            "second_level_category_name": "New Headwear",
            "product_detail_url": "https://www.aliexpress.com/item/3256810368998038.html?pdp_npi=4%40dis%21USD%217.14%212.50%21%21%2150.00%2117.50%21%402140e70617659999460814002e8ae5%2112000052798397444%21affd%21%21%21",
            "target_sale_price": "2.50",
            "second_level_category_id": "201303301",
            "discount": "65%",
            "product_main_image_url": "https://ae-pic-a1.aliexpress-media.com/kf/S96b0a4435912415c9c2180df3c97b05eS.jpg",
            "first_level_category_id": "200000297",
            "target_sale_price_currency": "USD",
            "original_price_currency": "CNY",
            "shop_url": "https://www.aliexpress.com/store/1105245653",
            "target_original_price_currency": "USD",
            "product_id": "3256810368998038",
            "seller_id": 6004094712,
            "target_original_price": "7.14",
            "product_video_url": "",
            "first_level_category_name": "Apparel Accessories",
            "sale_price": "17.50",
            "product_title": "London Underground Train Seat Cover Men Women Headband Quick Drying Sports Sweatband for Gym Yoga Running",
            "shop_id": 1105245653,
            "sale_price_currency": "CNY",
            "lastest_volume": "0"
          },
          {
            "original_price": "532.60",
            "product_small_image_urls": {
              "string": [
                "https://ae-pic-a1.aliexpress-media.com/kf/Sd9855d547f1c4465bb998e20b0491798W.jpg",
                "https://ae-pic-a1.aliexpress-media.com/kf/Sc05a49596f934d568868f4c2d2de9d52J.jpg",
                "https://ae-pic-a1.aliexpress-media.com/kf/S51de0aa0747a4b86b6df6f6cb4643ba0W.jpg",
                "https://ae-pic-a1.aliexpress-media.com/kf/S27c602dcd2b541f89329ac7b341a2752B.jpg",
                "https://ae-pic-a1.aliexpress-media.com/kf/Sfb3d8825c5254fda9f4996ea31188f7at.jpg",
                "https://ae-pic-a1.aliexpress-media.com/kf/S9adbc763a22243368420544f3783716eA.jpg"
              ]
            },
            "second_level_category_name": "Arts,Crafts & Sewing",
            "product_detail_url": "https://www.aliexpress.com/item/3256805329105743.html?pdp_npi=4%40dis%21USD%2176.11%2111.53%21%21%21532.60%2180.67%21%402140e70617659999460814002e8ae5%2112000033376164800%21affd%21%21%21",
            "target_sale_price": "11.53",
            "second_level_category_id": "200003937",
            "discount": "84%",
            "product_main_image_url": "https://ae-pic-a1.aliexpress-media.com/kf/Sd9855d547f1c4465bb998e20b0491798W.jpg",
            "first_level_category_id": "15",
            "target_sale_price_currency": "USD",
            "original_price_currency": "CNY",
            "shop_url": "https://www.aliexpress.com/store/1102684297",
            "target_original_price_currency": "USD",
            "product_id": "3256805329105743",
            "seller_id": 2672738799,
            "target_original_price": "76.11",
            "product_video_url": "",
            "first_level_category_name": "Home & Garden",
            "evaluate_rate": "97.8%",
            "sale_price": "80.67",
            "product_title": "EverShine Drill Containers Diamond Painting Tool Accessories Diamond Embroidery Box Mosaic Storage Box New Arrivals 2025 Gifts",
            "shop_id": 1102684297,
            "sale_price_currency": "CNY",
            "lastest_volume": "524"
          },
          {
            "original_price": "160.00",
            "product_small_image_urls": {
              "string": [
                "https://ae-pic-a1.aliexpress-media.com/kf/S67ac50e2c2b043ab87fd39571c4fa95fe.jpg",
                "https://ae-pic-a1.aliexpress-media.com/kf/Sdfe3049be1f6422a8be1249e87987043U.jpg",
                "https://ae-pic-a1.aliexpress-media.com/kf/S1e9e5268f1c74f1f8748771a21e19ff0F.jpg",
                "https://ae-pic-a1.aliexpress-media.com/kf/S1a22e6b55afc4fca9ea910b1ec509a7dj.jpg",
                "https://ae-pic-a1.aliexpress-media.com/kf/S0867f62fbd5f47d3b82bfb36bce27998z.jpg",
                "https://ae-pic-a1.aliexpress-media.com/kf/S398fa6544eb54572b4d26aa6524299e0g.jpg"
              ]
            },
            "second_level_category_name": "Hats & Caps",
            "product_detail_url": "https://www.aliexpress.com/item/3256809664439836.html?pdp_npi=4%40dis%21USD%2122.86%219.14%21%21%21160.00%2164.00%21%402140e70617659999460814002e8ae5%2112000050356981925%21affd%21%21%21",
            "target_sale_price": "9.14",
            "second_level_category_id": "200000402",
            "discount": "60%",
            "product_main_image_url": "https://ae-pic-a1.aliexpress-media.com/kf/S67ac50e2c2b043ab87fd39571c4fa95fe.jpg",
            "first_level_category_id": "200000297",
            "target_sale_price_currency": "USD",
            "original_price_currency": "CNY",
            "shop_url": "https://www.aliexpress.com/store/1105083045",
            "target_original_price_currency": "USD",
            "product_id": "3256809664439836",
            "seller_id": 6003280822,
            "target_original_price": "22.86",
            "product_video_url": "",
            "first_level_category_name": "Apparel Accessories",
            "sale_price": "64.00",
            "product_title": "London Underground Train Seat Cover Warm Knitted Cap Hip Hop Bonnet Hat Autumn Winter Outdoor Beanies Hats for Unisex Adult",
            "shop_id": 1105083045,
            "sale_price_currency": "CNY",
            "lastest_volume": "0"
          },
          {
            "original_price": "4.30",
            "product_small_image_urls": {
              "string": [
                "https://ae-pic-a1.aliexpress-media.com/kf/S2de0d61ce7ca465488960efd96c5e47dw.jpg",
                "https://ae-pic-a1.aliexpress-media.com/kf/S87d07b4931d94d478a0056df868bd47aE.jpg",
                "https://ae-pic-a1.aliexpress-media.com/kf/S3fe39b80f9dd4d4582d6773039937349L.jpg",
                "https://ae-pic-a1.aliexpress-media.com/kf/Sd56ee5555c884353bc959c127b6ef3d21.jpg",
                "https://ae-pic-a1.aliexpress-media.com/kf/Sc6eb11a7f1eb4f0aa72abf3335ff04d7f.jpg",
                "https://ae-pic-a1.aliexpress-media.com/kf/Se8a815dccd484523b47c583953735524y.jpg"
              ]
            },
            "second_level_category_name": "Arts,Crafts & Sewing",
            "product_detail_url": "https://www.aliexpress.com/item/2251832667856625.html?pdp_npi=4%40dis%21USD%214.30%210.99%21%21%214.30%210.99%21%402140e70617659999460814002e8ae5%2112000047965999914%21affd%21%21%21",
            "target_sale_price": "0.99",
            "second_level_category_id": "200003937",
            "discount": "76%",
            "product_main_image_url": "https://ae-pic-a1.aliexpress-media.com/kf/S2de0d61ce7ca465488960efd96c5e47dw.jpg",
            "first_level_category_id": "15",
            "target_sale_price_currency": "USD",
            "original_price_currency": "USD",
            "shop_url": "https://www.aliexpress.com/store/1101260553",
            "target_original_price_currency": "USD",
            "product_id": "2251832667856625",
            "seller_id": 230934582,
            "target_original_price": "4.30",
            "product_video_url": "https://video.aliexpress-media.com/play/u/ae_sg_item/3345076396/p/1/e/6/t/10301/50075370245.mp4",
            "first_level_category_name": "Home & Garden",
            "evaluate_rate": "90.7%",
            "sale_price": "0.99",
            "product_title": "HOMFUN 120 Colors Mystery Gifts Diamond Painting Resin+Fairy Dust+AB Drill Photo Custom 5D DIY Full Drill Diamond Painting",
            "shop_id": 1101260553,
            "sale_price_currency": "USD",
            "lastest_volume": "81"
          },
          {
            "original_price": "175.95",
            "product_small_image_urls": {
              "string": [
                "https://ae-pic-a1.aliexpress-media.com/kf/S4a4cf6b899614161bc77dd7dc5df2e2b4.jpg",
                "https://ae-pic-a1.aliexpress-media.com/kf/Sd04b136152c444f7a77304a88b92d75aR.jpg",
                "https://ae-pic-a1.aliexpress-media.com/kf/S8f1532b3ecc3428ebf80efe58041c3d3D.jpg",
                "https://ae-pic-a1.aliexpress-media.com/kf/S0732a8e4c5c64ffca63177176a635826e.jpg",
                "https://ae-pic-a1.aliexpress-media.com/kf/Sd652dd9289214cdf908fc1b903bc9a75m.jpg",
                "https://ae-pic-a1.aliexpress-media.com/kf/S788a87d8b7b745e78426d16030e16fba5.jpg"
              ]
            },
            "second_level_category_name": "Motorcycle Equipments",
            "product_detail_url": "https://www.aliexpress.com/item/3256806406605518.html?pdp_npi=4%40dis%21USD%2125.14%212.99%21%21%21175.95%2120.91%21%402140e70617659999460814002e8ae5%2112000037755521735%21affd%21%21%21",
            "target_sale_price": "2.99",
            "second_level_category_id": "201352950",
            "discount": "88%",
            "product_main_image_url": "https://ae-pic-a1.aliexpress-media.com/kf/S4a4cf6b899614161bc77dd7dc5df2e2b4.jpg",
            "first_level_category_id": "201355758",
            "target_sale_price_currency": "USD",
            "original_price_currency": "CNY",
            "shop_url": "https://www.aliexpress.com/store/1102548275",
            "target_original_price_currency": "USD",
            "product_id": "3256806406605518",
            "seller_id": 2673555515,
            "target_original_price": "25.14",
            "product_video_url": "",
            "first_level_category_name": "Motorcycle Equipments & Parts",
            "evaluate_rate": "84.3%",
            "sale_price": "20.91",
            "product_title": "Visor FOR KYT TT COURSE Motorcycle Helmet Lens Full Face Helmet Casco Moto Accessories Windshield FOR KYT Capacete TTC VESC-8",
            "shop_id": 1102548275,
            "sale_price_currency": "CNY",
            "lastest_volume": "183"
          },
          {
            "original_price": "77.02",
            "product_small_image_urls": {
              "string": [
                "https://ae-pic-a1.aliexpress-media.com/kf/S63efd864f0124b6691db21b724b97a37Z.jpeg",
                "https://ae-pic-a1.aliexpress-media.com/kf/S5fd6814d69234a94ba05bba426cd59ebG.jpeg",
                "https://ae-pic-a1.aliexpress-media.com/kf/S826b94df7dba47ee930eb290c76a924bb.jpeg",
                "https://ae-pic-a1.aliexpress-media.com/kf/S473b0b9ed3be485fa40cfec5cb661ebce.jpeg",
                "https://ae-pic-a1.aliexpress-media.com/kf/S3fdb5604ba2b4be1bb8384c79c7ccfaeG.jpeg",
                "https://ae-pic-a1.aliexpress-media.com/kf/Sf6f84789f5a64622abceb3b4f80d3c59a.jpeg"
              ]
            },
            "second_level_category_name": "Arts,Crafts & Sewing",
            "product_detail_url": "https://www.aliexpress.com/item/3256808562391183.html?pdp_npi=4%40dis%21USD%2111.01%210.99%21%21%2177.02%216.88%21%402140e70617659999460814002e8ae5%2112000046507542815%21affd%21%21%21",
            "target_sale_price": "0.99",
            "second_level_category_id": "200003937",
            "discount": "91%",
            "product_main_image_url": "https://ae-pic-a1.aliexpress-media.com/kf/S63efd864f0124b6691db21b724b97a37Z.jpeg",
            "first_level_category_id": "15",
            "target_sale_price_currency": "USD",
            "original_price_currency": "CNY",
            "shop_url": "https://www.aliexpress.com/store/1103009190",
            "target_original_price_currency": "USD",
            "product_id": "3256808562391183",
            "seller_id": 2676218126,
            "target_original_price": "11.01",
            "product_video_url": "",
            "first_level_category_name": "Home & Garden",
            "evaluate_rate": "89.6%",
            "sale_price": "6.88",
            "product_title": "32/40/42/48/56/64pcs zuasnhihua storage box diamond painting beads pendant jewelry accessories storage box set container art sup",
            "shop_id": 1103009190,
            "sale_price_currency": "CNY",
            "lastest_volume": "398"
          },
          {
            "original_price": "4.30",
            "product_small_image_urls": {
              "string": [
                "https://ae-pic-a1.aliexpress-media.com/kf/Scb75a00899bf4d8a9c0479dc1b729a6aH.jpg",
                "https://ae-pic-a1.aliexpress-media.com/kf/S01cf5fc5cb0a444d90ca5fdf35223fa6u.jpg",
                "https://ae-pic-a1.aliexpress-media.com/kf/S61b5d147256d4bfeafe1c4613cfe1e8ao.jpg",
                "https://ae-pic-a1.aliexpress-media.com/kf/S4cb0d3ba536345c4aa69f976c6725881P.jpg",
                "https://ae-pic-a1.aliexpress-media.com/kf/HTB1UtHZTgHqK1RjSZJnq6zNLpXa7.jpg",
                "https://ae-pic-a1.aliexpress-media.com/kf/HTB1Mk_OThTpK1RjSZR0q6zEwXXaj.jpg"
              ]
            },
            "second_level_category_name": "Arts,Crafts & Sewing",
            "product_detail_url": "https://www.aliexpress.com/item/3256806872955835.html?pdp_npi=4%40dis%21USD%214.30%212.28%21%21%214.30%212.28%21%402140e70617659999460814002e8ae5%2112000039266969507%21affd%21%21%21",
            "target_sale_price": "2.28",
            "second_level_category_id": "200003937",
            "discount": "47%",
            "product_main_image_url": "https://ae-pic-a1.aliexpress-media.com/kf/Scb75a00899bf4d8a9c0479dc1b729a6aH.jpg",
            "first_level_category_id": "15",
            "target_sale_price_currency": "USD",
            "original_price_currency": "USD",
            "shop_url": "https://www.aliexpress.com/store/1101260553",
            "target_original_price_currency": "USD",
            "product_id": "3256806872955835",
            "seller_id": 230934582,
            "target_original_price": "4.30",
            "product_video_url": "https://video.aliexpress-media.com/play/u/ae_sg_item/3345076396/p/1/e/6/t/10301/224767266457.mp4",
            "first_level_category_name": "Home & Garden",
            "evaluate_rate": "92.5%",
            "sale_price": "2.28",
            "product_title": "HOMFUN Fairy Dust AB Mystery Diamond Painting 5D DIY Diamond Painting Full Drill Resin Diamond Embroidery Cross Stitch Decor",
            "shop_id": 1101260553,
            "sale_price_currency": "USD",
            "lastest_volume": "128"
          }
        ]
      }
    },
    "rsp_code": "200",
    "rsp_msg": "Success",
    "request_id": "0babf54017659999460846700",
    "_trace_id_": "2140e70617659999460814002e8ae5"
  }
}
